==================================================== test session starts =====================================================
platform linux -- Python 3.6.2, pytest-3.2.0, py-1.4.34, pluggy-0.4.0
rootdir: /home/mfl/lsst/ip_cpp, inifile:
plugins: session2file-0.1.9, forked-0.2, xdist-1.20.1, flake8-0.8.1

collecting 0 items
collecting 3 items
collecting 5 items
collecting 5 items

collected 5 items 
run-last-failure: run all (no recorded failures)

tests/test_ip_cpp.py .....

-------------------------- generated xml file: /home/mfl/lsst/ip_cpp/tests/.tests/pytest-ip_cpp.xml --------------------------
====================================================== warnings summary ======================================================
tests/test_ip_cpp.py::IpCppTestCase::testClassInstantiation
  /ssd/lsstsw/stack3_20171021/python/miniconda3-4.3.21/lib/python3.6/site-packages/astropy/extern/bundled/six.py:60: ResourceWarning: unclosed file <_io.TextIOWrapper name='/ssd/lsstsw/stack3_20171021/python/miniconda3-4.3.21/lib/python3.6/site-packages/astropy/extern/bundled/six.py' mode='r' encoding='utf-8'>
    class X(object):
  /ssd/lsstsw/stack3_20171021/python/miniconda3-4.3.21/lib/python3.6/site-packages/astropy/config/configuration.py:541: ConfigurationMissingWarning: Configuration defaults will be used due to OSError:Could not find unix home directory to search for astropy config dir on None
    warn(ConfigurationMissingWarning(msg))
  /ssd/lsstsw/stack3_20171021/python/current/lib/python3.6/importlib/_bootstrap.py:205: ImportWarning: can't resolve package from __spec__ or __package__, falling back on __name__ and __path__
    return f(*args, **kwds)
  /ssd/lsstsw/stack3_20171021/python/current/lib/python3.6/importlib/_bootstrap.py:205: ImportWarning: can't resolve package from __spec__ or __package__, falling back on __name__ and __path__
    return f(*args, **kwds)

-- Docs: http://doc.pytest.org/en/latest/warnings.html
============================================ 5 passed, 4 warnings in 2.99 seconds ============================================
